Welcome to Ubuntu 16.04.7 LTS (GNU/Linux 4.4.0-1117-aws x86_64)

 * Documentation:  https://help.ubuntu.com
 * Management:     https://landscape.canonical.com
 * Support:        https://ubuntu.com/advantage

0 packages can be updated.
0 updates are security updates.

Installing haproxy in a ec2 vm:
===============================

ubuntu@ip-192-0-73-227:~$ sudo apt-get install haproxy
sudo: unable to resolve host ip-192-0-73-227
Reading package lists... Done
Building dependency tree
Reading state information... Done
The following additional packages will be installed:
  liblua5.3-0
Suggested packages:
  vim-haproxy haproxy-doc
The following NEW packages will be installed:
  haproxy liblua5.3-0
0 upgraded, 2 newly installed, 0 to remove and 0 not upgraded.
Need to get 873 kB of archives.
After this operation, 1,997 kB of additional disk space will be used.
Do you want to continue? [Y/n] Y
Get:1 http://us-east-1.ec2.archive.ubuntu.com/ubuntu xenial-updates/main amd64 liblua5.3-0 amd64 5.3.1-1ubuntu2.1 [116 kB]
Get:2 http://us-east-1.ec2.archive.ubuntu.com/ubuntu xenial-updates/main amd64 haproxy amd64 1.6.3-1ubuntu0.3 [757 kB]
Fetched 873 kB in 0s (7,019 kB/s)
Selecting previously unselected package liblua5.3-0:amd64.
(Reading database ... 51456 files and directories currently installed.)
Preparing to unpack .../liblua5.3-0_5.3.1-1ubuntu2.1_amd64.deb ...
Unpacking liblua5.3-0:amd64 (5.3.1-1ubuntu2.1) ...
Selecting previously unselected package haproxy.
Preparing to unpack .../haproxy_1.6.3-1ubuntu0.3_amd64.deb ...
Unpacking haproxy (1.6.3-1ubuntu0.3) ...
Processing triggers for libc-bin (2.23-0ubuntu11.2) ...
Processing triggers for ureadahead (0.100.0-19.1) ...
Processing triggers for systemd (229-4ubuntu21.29) ...
Processing triggers for man-db (2.7.5-1) ...
Setting up liblua5.3-0:amd64 (5.3.1-1ubuntu2.1) ...
Setting up haproxy (1.6.3-1ubuntu0.3) ...
Processing triggers for libc-bin (2.23-0ubuntu11.2) ...
Processing triggers for ureadahead (0.100.0-19.1) ...
Processing triggers for systemd (229-4ubuntu21.29) ...

Last login: Wed Jan 13 13:13:47 2021 from 103.81.239.68
ubuntu@ip-192-0-73-227:~$ sudo -i
sudo: unable to resolve host ip-192-0-73-227
root@ip-192-0-73-227:~# vi /etc/haproxy/haproxy.cfg

ubuntu@ip-192-0-73-227:~$ cat /etc/haproxy/haproxy.cfg
global
        log /dev/log    local0
        log /dev/log    local1 notice
        chroot /var/lib/haproxy
        stats socket /run/haproxy/admin.sock mode 660 level admin
        stats timeout 30s
        user haproxy
        group haproxy
        daemon

        # Default SSL material locations
        ca-base /etc/ssl/certs
        crt-base /etc/ssl/private

        # Default ciphers to use on SSL-enabled listening sockets.
        # For more information, see ciphers(1SSL). This list is from:
        #  https://hynek.me/articles/hardening-your-web-servers-ssl-ciphers/
        ssl-default-bind-ciphers ECDH+AESGCM:DH+AESGCM:ECDH+AES256:DH+AES256:ECDH+AES128:DH+AES:ECDH+3DES:DH+3DES:RSA+AESGCM:RSA+AES:RSA+3DES:!aNULL:!MD5:!DSS
        ssl-default-bind-options no-sslv3

defaults
        log     global
        mode    http
        option  httplog
        option  dontlognull
        timeout connect 5000
        timeout client  50000
        timeout server  50000
        errorfile 400 /etc/haproxy/errors/400.http
        errorfile 403 /etc/haproxy/errors/403.http
        errorfile 408 /etc/haproxy/errors/408.http
        errorfile 500 /etc/haproxy/errors/500.http
        errorfile 502 /etc/haproxy/errors/502.http
        errorfile 503 /etc/haproxy/errors/503.http
        errorfile 504 /etc/haproxy/errors/504.http

frontend haproxynode
bind *:80
mode http
default_backend backendnode

backend backendnode
balance roundrobin
option forwardfor
http-request set-header X-Forwarded-Port %[dst_port]
http-request add-header X-Forwarded-Proto https if { ssl_fc }
option httpchk HEAD / HTTP/1.1\r\nHost:localhost
server node1 35.225.30.135:32270 check
server node2 3.236.40.42:30785 check

listen stats
bind :8988
stats enable
stats uri /
stats hide-version
stats auth someuser:password

-------------------------------------------------

changing the backendnode

ubuntu@ip-192-0-73-227:~$ sudo -i
sudo: unable to resolve host ip-192-0-73-227
root@ip-192-0-73-227:~# vi /etc/haproxy/haproxy.cfg
root@ip-192-0-73-227:~# service haproxy restart
root@ip-192-0-73-227:~# exit
logout
ubuntu@ip-192-0-73-227:~$

---------------------------------------------------

To check if HA proxy is running ?

ubuntu@ip-192-0-73-227:~$ ps -ef | grep -i haproxy
root      3072     1  0 14:14 ?        00:00:00 /usr/sbin/haproxy-systemd-wrapper -f /etc/haproxy/haproxy.cfg -p /run/haproxy.pid
haproxy   3073  3072  0 14:14 ?        00:00:00 /usr/sbin/haproxy -f /etc/haproxy/haproxy.cfg -p /run/haproxy.pid -Ds
haproxy   3076  3073  0 14:14 ?        00:00:00 /usr/sbin/haproxy -f /etc/haproxy/haproxy.cfg -p /run/haproxy.pid -Ds
ubuntu    3078  2825  0 14:15 pts/0    00:00:00 grep --color=auto -i haproxy

---------------------------------------------------

error encountered:

ubuntu@ip-192-0-73-227:~$ sudo service haproxy restart
sudo: unable to resolve host ip-192-0-73-227
Job for haproxy.service failed because the control process exited with error code. See "systemctl status haproxy.service" and "journalctl -xe" for details.
ubuntu@ip-192-0-73-227:~$ systemctl status haproxy.service
‚óè haproxy.service - HAProxy Load Balancer
   Loaded: loaded (/lib/systemd/system/haproxy.service; enabled; vendor preset: enabled)
   Active: failed (Result: start-limit-hit) since Wed 2021-01-13 14:05:36 UTC; 25s ago
     Docs: man:haproxy(1)
           file:/usr/share/doc/haproxy/configuration.txt.gz
  Process: 2928 ExecStartPre=/usr/sbin/haproxy -f ${CONFIG} -c -q (code=exited, status=1/FAILURE)
 Main PID: 2646 (code=exited, status=0/SUCCESS)

Jan 13 14:05:36 ip-192-0-73-227 systemd[1]: Failed to start HAProxy Load Balancer.
Jan 13 14:05:36 ip-192-0-73-227 systemd[1]: haproxy.service: Unit entered failed state.
Jan 13 14:05:36 ip-192-0-73-227 systemd[1]: haproxy.service: Failed with result 'exit-code'.
Jan 13 14:05:36 ip-192-0-73-227 systemd[1]: haproxy.service: Service hold-off time over, scheduling restart.
Jan 13 14:05:36 ip-192-0-73-227 systemd[1]: Stopped HAProxy Load Balancer.
Jan 13 14:05:36 ip-192-0-73-227 systemd[1]: haproxy.service: Start request repeated too quickly.
Jan 13 14:05:36 ip-192-0-73-227 systemd[1]: Failed to start HAProxy Load Balancer.
Jan 13 14:05:36 ip-192-0-73-227 systemd[1]: haproxy.service: Unit entered failed state.
Jan 13 14:05:36 ip-192-0-73-227 systemd[1]: haproxy.service: Failed with result 'start-limit-hit'.
ubuntu@ip-192-0-73-227:~$ sudo service haproxy restart
sudo: unable to resolve host ip-192-0-73-227
Job for haproxy.service failed because the control process exited with error code. See "systemctl status haproxy.service" and "journalctl -xe" for details.
ubuntu@ip-192-0-73-227:~$ sudo -i
sudo: unable to resolve host ip-192-0-73-227
root@ip-192-0-73-227:~# ls
snap
root@ip-192-0-73-227:~# vi /etc/haproxy/haproxy.cfg
root@ip-192-0-73-227:~# systemctl start haproxy
Job for haproxy.service failed because the control process exited with error code. See "systemctl status haproxy.service" and "journalctl -xe" for details.
root@ip-192-0-73-227:~# journalctl -xe
Jan 13 14:12:39 ip-192-0-73-227 systemd[1]: Stopped HAProxy Load Balancer.
-- Subject: Unit haproxy.service has finished shutting down
-- Defined-By: systemd
-- Support: http://lists.freedesktop.org/mailman/listinfo/systemd-devel
--
-- Unit haproxy.service has finished shutting down.
Jan 13 14:12:39 ip-192-0-73-227 systemd[1]: Starting HAProxy Load Balancer...
-- Subject: Unit haproxy.service has begun start-up
-- Defined-By: systemd
-- Support: http://lists.freedesktop.org/mailman/listinfo/systemd-devel
--
-- Unit haproxy.service has begun starting up.
Jan 13 14:12:39 ip-192-0-73-227 haproxy[3013]: [ALERT] 012/141239 (3013) : Proxy 'haproxynode': unable to find required default_backend: 'backendnode'.
Jan 13 14:12:39 ip-192-0-73-227 haproxy[3013]: [ALERT] 012/141239 (3013) : Fatal errors found in configuration.
Jan 13 14:12:39 ip-192-0-73-227 systemd[1]: haproxy.service: Control process exited, code=exited status=1
Jan 13 14:12:39 ip-192-0-73-227 systemd[1]: Failed to start HAProxy Load Balancer.
-- Subject: Unit haproxy.service has failed
-- Defined-By: systemd
-- Support: http://lists.freedesktop.org/mailman/listinfo/systemd-devel
--
-- Unit haproxy.service has failed.
--
-- The result is failed.
Jan 13 14:12:39 ip-192-0-73-227 systemd[1]: haproxy.service: Unit entered failed state.
Jan 13 14:12:39 ip-192-0-73-227 systemd[1]: haproxy.service: Failed with result 'exit-code'.
Jan 13 14:12:39 ip-192-0-73-227 systemd[1]: haproxy.service: Service hold-off time over, scheduling restart.
Jan 13 14:12:39 ip-192-0-73-227 systemd[1]: Stopped HAProxy Load Balancer.
-- Subject: Unit haproxy.service has finished shutting down
-- Defined-By: systemd
-- Support: http://lists.freedesktop.org/mailman/listinfo/systemd-devel
--
-- Unit haproxy.service has finished shutting down.
Jan 13 14:12:39 ip-192-0-73-227 systemd[1]: haproxy.service: Start request repeated too quickly.
Jan 13 14:12:39 ip-192-0-73-227 systemd[1]: Failed to start HAProxy Load Balancer.
-- Subject: Unit haproxy.service has failed
-- Defined-By: systemd
-- Support: http://lists.freedesktop.org/mailman/listinfo/systemd-devel
--
-- Unit haproxy.service has failed.
--
-- The result is failed.
Jan 13 14:12:39 ip-192-0-73-227 systemd[1]: haproxy.service: Unit entered failed state.
Jan 13 14:12:39 ip-192-0-73-227 systemd[1]: haproxy.service: Failed with result 'start-limit-hit'.
root@ip-192-0-73-227:~# !
root@ip-192-0-73-227:~# vi /etc/haproxy/haproxy.cfg
root@ip-192-0-73-227:~# systemctl start haproxy
root@ip-192-0-73-227:~# exit
logout
ubuntu@ip-192-0-73-227:~$ sudo service haproxy restart
sudo: unable to resolve host ip-192-0-73-227
ubuntu@ip-192-0-73-227:~$ sudo -i
sudo: unable to resolve host ip-192-0-73-227
root@ip-192-0-73-227:~# service haproxy restart
root@ip-192-0-73-227:~# exit
logout

--------------------------------------------------------------

Checking HAproxy logs:
======================

root@ip-192-0-73-227:~# journalctl -xe
Jan 13 14:12:39 ip-192-0-73-227 systemd[1]: Stopped HAProxy Load Balancer.
-- Subject: Unit haproxy.service has finished shutting down
-- Defined-By: systemd
-- Support: http://lists.freedesktop.org/mailman/listinfo/systemd-devel
--
-- Unit haproxy.service has finished shutting down.
Jan 13 14:12:39 ip-192-0-73-227 systemd[1]: Starting HAProxy Load Balancer...
-- Subject: Unit haproxy.service has begun start-up
-- Defined-By: systemd
-- Support: http://lists.freedesktop.org/mailman/listinfo/systemd-devel
--
-- Unit haproxy.service has begun starting up.
Jan 13 14:12:39 ip-192-0-73-227 haproxy[3013]: [ALERT] 012/141239 (3013) : Proxy 'haproxynode': unable to find required default_backend: 'backendnode'.
Jan 13 14:12:39 ip-192-0-73-227 haproxy[3013]: [ALERT] 012/141239 (3013) : Fatal errors found in configuration.
Jan 13 14:12:39 ip-192-0-73-227 systemd[1]: haproxy.service: Control process exited, code=exited status=1
Jan 13 14:12:39 ip-192-0-73-227 systemd[1]: Failed to start HAProxy Load Balancer.
-- Subject: Unit haproxy.service has failed
-- Defined-By: systemd
-- Support: http://lists.freedesktop.org/mailman/listinfo/systemd-devel
--
-- Unit haproxy.service has failed.
--
-- The result is failed.
Jan 13 14:12:39 ip-192-0-73-227 systemd[1]: haproxy.service: Unit entered failed state.
Jan 13 14:12:39 ip-192-0-73-227 systemd[1]: haproxy.service: Failed with result 'exit-code'.
Jan 13 14:12:39 ip-192-0-73-227 systemd[1]: haproxy.service: Service hold-off time over, scheduling restart.
Jan 13 14:12:39 ip-192-0-73-227 systemd[1]: Stopped HAProxy Load Balancer.
-- Subject: Unit haproxy.service has finished shutting down
-- Defined-By: systemd
-- Support: http://lists.freedesktop.org/mailman/listinfo/systemd-devel
--
-- Unit haproxy.service has finished shutting down.
Jan 13 14:12:39 ip-192-0-73-227 systemd[1]: haproxy.service: Start request repeated too quickly.
Jan 13 14:12:39 ip-192-0-73-227 systemd[1]: Failed to start HAProxy Load Balancer.
-- Subject: Unit haproxy.service has failed
-- Defined-By: systemd
-- Support: http://lists.freedesktop.org/mailman/listinfo/systemd-devel
--
-- Unit haproxy.service has failed.
--
-- The result is failed.
Jan 13 14:12:39 ip-192-0-73-227 systemd[1]: haproxy.service: Unit entered failed state.
Jan 13 14:12:39 ip-192-0-73-227 systemd[1]: haproxy.service: Failed with result 'start-limit-hit'.

-----------------------------------------------------------------------------
